app/api/estimate/route.ts(16,62): error TS2339: Property 'ip' does not exist on type 'NextRequest'.
